// Jest Snapshot v1, https://goo.gl/fbAQLP

exports[`Pruebas en el componente GifExpertApp debe mostrar correctamente el componente 1`] = `
<Fragment>
  <h2
    className="animate__animated animate__fadeInDownBig"
  >
    GifExpertApp
  </h2>
  <hr />
  <br />
  <AddCategory
    setCategory={[Function]}
  />
  <GifGrid
    category="King Kong"
  />
</Fragment>
`;
